[demos.wolfthemes.com/milu/main-home/agency/index.html]
[backblue.gif]
[fade.gif]
[index.html]
[demos.wolfthemes.com/milu/wp-content/cache/autoptimize/28/css/autoptimize_single_024846c0678e954f686d36e3f2f022825f8b.css]
[demos.wolfthemes.com/milu/wp-content/cache/autoptimize/28/css/autoptimize_54e5622900fb5e565798cda9c97d6d51.css]
[demos.wolfthemes.com/milu/wp-includes/css/dashicons.minfc84.css]
[demos.wolfthemes.com/milu/wp-includes/js/jquery/jqueryfc84.js]
[connect.facebook.net/en_US/sdk.js]
[2b2e9c99bcafd8a1a4ed0fc1-rrav5y0aqj.netdna-ssl.com/wp-content/uploads/sites/28/2019/07/cropped-favicon-32x32.7.delayed]
[demos.wolfthemes.com/milu/wp-content/plugins/wolf-visual-composer/assets/js/lib/jarallax/jarallax.min86fc.js]
[2b2e9c99bcafd8a1a4ed0fc1-rrav5y0aqj.netdna-ssl.com/wp-content/uploads/sites/28/2019/07/cropped-favicon-192x192.jpg]
[2b2e9c99bcafd8a1a4ed0fc1-rrav5y0aqj.netdna-ssl.com/wp-content/uploads/sites/28/2019/07/cropped-favicon-180x180.jpg]
[updates.wolfthemes.com/fradence/screenshot.jpg]
[updates.wolfthemes.com/andre/screenshot.jpg]
[updates.wolfthemes.com/beatit/screenshot.jpg]
[updates.wolfthemes.com/firemaster/screenshot.jpg]
[updates.wolfthemes.com/alceste/screenshot.jpg]
[updates.wolfthemes.com/snakepit/screenshot.jpg]
[updates.wolfthemes.com/reinar/screenshot.jpg]
[updates.wolfthemes.com/kayo/screenshot.jpg]
[updates.wolfthemes.com/hyperbent/screenshot.jpg]
[updates.wolfthemes.com/deadlift/screenshot.jpg]
[updates.wolfthemes.com/vonzot/screenshot.jpg]
[updates.wolfthemes.com/slikk/screenshot.jpg]
[demos.wolfthemes.com/milu/wp-content/plugins/revslider/public/assets/assets/transparent.png]
[demos.wolfthemes.com/milu/wp-content/uploads/sites/28/2019/07/bottom-right-bubble.png]
[demos.wolfthemes.com/milu/wp-content/uploads/sites/28/2019/07/design-1.png]
[demos.wolfthemes.com/milu/wp-content/uploads/sites/28/2019/07/top-left-bubble.png]
[demos.wolfthemes.com/milu/wp-content/uploads/sites/28/2019/07/design2.png]
[demos.wolfthemes.com/milu/wp-content/uploads/sites/28/2019/07/bottom-left-bubble.png]
[demos.wolfthemes.com/milu/wp-content/uploads/sites/28/2019/07/bubble.png]
[demos.wolfthemes.com/milu/wp-content/uploads/sites/28/2019/07/design.png]
[2b2e9c99bcafd8a1a4ed0fc1-rrav5y0aqj.netdna-ssl.com/wp-content/uploads/sites/28/2019/07/iPhone-X-Mockup-new.26.delayed]
[demos.wolfthemes.com/milu/wp-content/uploads/sites/28/2019/07/sales-graf.png]
[demos.wolfthemes.com/milu/wp-content/uploads/sites/28/2019/07/group-15-1.png]
[demos.wolfthemes.com/milu/wp-content/uploads/sites/28/2019/07/all-stats.png]
[2b2e9c99bcafd8a1a4ed0fc1-rrav5y0aqj.netdna-ssl.com/wp-content/themes/milu/assets/img/blank.2e.delayed]
[2b2e9c99bcafd8a1a4ed0fc1-rrav5y0aqj.netdna-ssl.com/wp-content/uploads/sites/28/2019/05/623607440_640.jpg]
[2b2e9c99bcafd8a1a4ed0fc1-rrav5y0aqj.netdna-ssl.com/wp-content/uploads/sites/28/2019/07/c_d_07.png]
[2b2e9c99bcafd8a1a4ed0fc1-rrav5y0aqj.netdna-ssl.com/wp-content/uploads/sites/28/2019/07/c_d_08.png]
[2b2e9c99bcafd8a1a4ed0fc1-rrav5y0aqj.netdna-ssl.com/wp-content/uploads/sites/28/2019/07/c_d_01.png]
[2b2e9c99bcafd8a1a4ed0fc1-rrav5y0aqj.netdna-ssl.com/wp-content/uploads/sites/28/2019/07/c_d_02.png]
[2b2e9c99bcafd8a1a4ed0fc1-rrav5y0aqj.netdna-ssl.com/wp-content/uploads/sites/28/2019/07/c_d_03.png]
[2b2e9c99bcafd8a1a4ed0fc1-rrav5y0aqj.netdna-ssl.com/wp-content/uploads/sites/28/2019/07/c_d_04.png]
[2b2e9c99bcafd8a1a4ed0fc1-rrav5y0aqj.netdna-ssl.com/wp-content/uploads/sites/28/2019/07/c_d_05.png]
[2b2e9c99bcafd8a1a4ed0fc1-rrav5y0aqj.netdna-ssl.com/wp-content/uploads/sites/28/2019/07/c_d_06.png]
[2b2e9c99bcafd8a1a4ed0fc1-rrav5y0aqj.netdna-ssl.com/wp-content/uploads/sites/28/2019/07/googleplay_button-1.png]
[2b2e9c99bcafd8a1a4ed0fc1-rrav5y0aqj.netdna-ssl.com/wp-content/uploads/sites/28/2019/07/appstore_button-2.png]
[www.google-analytics.com/analytics.js]
[demos.wolfthemes.com/milu/main-home/agency/index.html]
[demos.wolfthemes.com/milu/wp-content/plugins/contact-form-7/images/ajax-loader.gif]
[demos.wolfthemes.com/milu/wp-content/cache/autoptimize/28/js/autoptimize_bb40ee877d70b79b0b07f969081a4a4e.js]
[demos.wolfthemes.com/milu/wp-content/plugins/wolf-gram/assets/swipebox/img/loader.gif]
[demos.wolfthemes.com/milu/wp-content/plugins/wolf-gram/assets/img/loader.gif]
[demos.wolfthemes.com/milu/wp-content/plugins/wolf-visual-composer/assets/img/slider-bg/tablet-bg.png]
[demos.wolfthemes.com/milu/wp-content/plugins/wolf-woocommerce-quickview/assets/img/loading_spinner.gif]
[demos.wolfthemes.com/milu/wp-content/themes/milu/assets/img/woocommerce/ajax-loader@2x.gif]
[demos.wolfthemes.com/milu/wp-content/plugins/js_composer/assets/vc/alert.png]
[demos.wolfthemes.com/milu/wp-content/cache/autoptimize/28/css/autoptimize_54e5622900fb5e565798cda9c97d6d51.css]
[demos.wolfthemes.com/milu/wp-content/cache/autoptimize/28/css/autoptimize_single_024846c0678e954f686d36e3f2f022825f8b.css]
[demos.wolfthemes.com/milu/wp-includes/css/dashicons.minfc84.css]
[demos.wolfthemes.com/milu/wp-content/cache/autoptimize/28/css/autoptimize_single_7167f401d0d1fd1be4db0d124082015dfb97.css]
[demos.wolfthemes.com/milu/wp-includes/js/jquery/jqueryfc84.js]
[demos.wolfthemes.com/milu/wp-content/plugins/wolf-visual-composer/assets/js/lib/jarallax/jarallax.min86fc.js]
[connect.facebook.net/en_US/sdk.js]
[2b2e9c99bcafd8a1a4ed0fc1-rrav5y0aqj.netdna-ssl.com/wp-content/uploads/sites/28/2019/07/cropped-favicon-32x32.html]
[2b2e9c99bcafd8a1a4ed0fc1-rrav5y0aqj.netdna-ssl.com/wp-content/uploads/sites/28/2019/07/cropped-favicon-192x192.html]
[2b2e9c99bcafd8a1a4ed0fc1-rrav5y0aqj.netdna-ssl.com/wp-content/uploads/sites/28/2019/07/cropped-favicon-180x180.html]
[2b2e9c99bcafd8a1a4ed0fc1-rrav5y0aqj.netdna-ssl.com/wp-content/uploads/sites/28/2019/07/iPhone-X-Mockup-new.html]
[2b2e9c99bcafd8a1a4ed0fc1-rrav5y0aqj.netdna-ssl.com/wp-content/themes/milu/assets/img/blank.html]
[2b2e9c99bcafd8a1a4ed0fc1-rrav5y0aqj.netdna-ssl.com/wp-content/uploads/sites/28/2019/05/623607440_640.html]
[2b2e9c99bcafd8a1a4ed0fc1-rrav5y0aqj.netdna-ssl.com/wp-content/uploads/sites/28/2019/07/c_d_07.html]
[2b2e9c99bcafd8a1a4ed0fc1-rrav5y0aqj.netdna-ssl.com/wp-content/uploads/sites/28/2019/07/c_d_08.html]
[2b2e9c99bcafd8a1a4ed0fc1-rrav5y0aqj.netdna-ssl.com/wp-content/uploads/sites/28/2019/07/c_d_01.html]
[2b2e9c99bcafd8a1a4ed0fc1-rrav5y0aqj.netdna-ssl.com/wp-content/uploads/sites/28/2019/07/c_d_02.html]
[2b2e9c99bcafd8a1a4ed0fc1-rrav5y0aqj.netdna-ssl.com/wp-content/uploads/sites/28/2019/07/c_d_03.html]
[2b2e9c99bcafd8a1a4ed0fc1-rrav5y0aqj.netdna-ssl.com/wp-content/uploads/sites/28/2019/07/c_d_04.html]
[2b2e9c99bcafd8a1a4ed0fc1-rrav5y0aqj.netdna-ssl.com/wp-content/uploads/sites/28/2019/07/c_d_05.html]
[2b2e9c99bcafd8a1a4ed0fc1-rrav5y0aqj.netdna-ssl.com/wp-content/uploads/sites/28/2019/07/c_d_06.html]
[2b2e9c99bcafd8a1a4ed0fc1-rrav5y0aqj.netdna-ssl.com/wp-content/uploads/sites/28/2019/07/googleplay_button-1.html]
[2b2e9c99bcafd8a1a4ed0fc1-rrav5y0aqj.netdna-ssl.com/wp-content/uploads/sites/28/2019/07/appstore_button-2.html]
[demos.wolfthemes.com/milu/main-home/agency/CustomEase.min.4a.delayed]
[demos.wolfthemes.com/milu/main-home/agency/Trident/index.html]
[demos.wolfthemes.com/milu/main-home/TweenLite.min.js]
[player.vimeo.com/api/player.js]
[demos.wolfthemes.com/milu/main-home/agency/Version/index.html]
[demos.wolfthemes.com/milu/main-home/agency/GET]
[demos.wolfthemes.com/milu/main-home/agency/img.svg]
[platform.twitter.com/widgets.js]
[demos.wolfthemes.com/milu/main-home/agency/dist/index.html]
[www.instagram.com/static/bundles/metro/EmbedSDK.js/43531caab721.js]
[demos.wolfthemes.com/milu/wp-content/cache/autoptimize/28/js/autoptimize_bb40ee877d70b79b0b07f969081a4a4e.js]
[demos.wolfthemes.com/milu/wp-content/plugins/wolf-gram/assets/img/loader.html]
[demos.wolfthemes.com/milu/wp-content/themes/milu/assets/img/woocommerce/ajax-loader@2x.html]
[demos.wolfthemes.com/milu/main-home/agency/Trident/index.html]
[demos.wolfthemes.com/milu/main-home/agency/Edge/index.html]
[demos.wolfthemes.com/milu/main-home/agency/Version/index.html]
[demos.wolfthemes.com/milu/main-home/agency/CustomEase.min.html]
[demos.wolfthemes.com/milu/main-home/TweenLite.min.html]
[demos.wolfthemes.com/milu/main-home/agency/origin=https_/index.html]
[demos.wolfthemes.com/milu/main-home/agency/GET.html]
[demos.wolfthemes.com/milu/main-home/agency/img.html]
[demos.wolfthemes.com/milu/main-home/agency/dist/index.html]
[2b2e9c99bcafd8a1a4ed0fc1-rrav5y0aqj.netdna-ssl.com/wp-content/uploads/sites/28/2019/04/luke-chesser-rCOWMC8qf8A-unsplash-2000x1333.jpg]
[2b2e9c99bcafd8a1a4ed0fc1-rrav5y0aqj.netdna-ssl.com/wp-content/uploads/sites/28/2019/04/luke-chesser-rCOWMC8qf8A-unsplash-2000x1333.jpg]
